// Jest Snapshot v1, https://goo.gl/fbAQLP

exports[`TheFooter.vue renders a snapshot: default 1`] = `

<footer class="Footer">
  <div class="Footer__wrapper o-wrapper u-flex u-padding-vertical-large u-text-h4 u-text-thin">
    <div class="Footer__line u-margin-bottom-small">
      Made with ðŸ’š by&nbsp;
      <a href="https://twitter.com/afontcu_"
         title="My Twitter"
         class="FancyLink"
         target="_blank"
         rel="noopener"
      >
        @afontcu_
      </a>
    </div>
    <div class="Footer__line u-margin-bottom-small">
      Feel free to report issues or ðŸ†’ ideas on
      <a href="https://github.com/afontcu/cool-ux-tools"
         title="Github repository"
         class="FancyLink"
         target="_blank"
         rel="noopener"
      >
        Github â†’
      </a>
    </div>
  </div>
</footer>

`;
